../Core/Src/main.cpp:82:5:TestCPP::TestCPP(uint8_t)	16	static
../Core/Src/main.cpp:85:10:void TestCPP::Increment()	16	static
../Core/Src/main.cpp:90:13:uint8_t TestCPP::Get()	16	static
../Core/Src/main.cpp:105:5:int main()	16	static
../Core/Src/main.cpp:165:6:void SystemClock_Config()	96	static
../Core/Src/main.cpp:226:13:void MX_DFSDM1_Init()	8	static
../Core/Src/main.cpp:264:13:void MX_I2C2_Init()	8	static
../Core/Src/main.cpp:312:13:void MX_QUADSPI_Init()	8	static
../Core/Src/main.cpp:345:13:void MX_SPI3_Init()	8	static
../Core/Src/main.cpp:385:13:void MX_USART1_UART_Init()	8	static
../Core/Src/main.cpp:420:13:void MX_USART3_UART_Init()	8	static
../Core/Src/main.cpp:455:13:void MX_USB_OTG_FS_PCD_Init()	8	static
../Core/Src/main.cpp:490:13:void MX_GPIO_Init()	48	static
../Core/Src/main.cpp:684:6:void Error_Handler()	4	static,ignoring_inline_asm
